// Jest Snapshot v1, https://goo.gl/fbAQLP

exports[`<Index /> should render 1`] = `
<div
  class="Layout-layout-12"
>
  <div
    class="ButtonAppBar-root-34"
  >
    <header
      class="MuiPaper-root-63 MuiPaper-elevation4-69 MuiAppBar-root-55 MuiAppBar-positionStatic-59 MuiAppBar-colorPrimary-61 ButtonAppBar-appBar-36"
    >
      <div
        class="MuiToolbar-root-90 MuiToolbar-regular-92 MuiToolbar-gutters-91"
      >
        <div
          class="ButtonAppBar-col1-47"
        >
          <button
            aria-label="Menu"
            class="MuiButtonBase-root-100 MuiIconButton-root-94 ButtonAppBar-menuButton-37"
            tabindex="0"
            title="Menu"
            type="button"
          >
            <span
              class="MuiIconButton-label-99"
            >
              <svg
                aria-hidden="true"
                class="MuiSvgIcon-root-103"
                focusable="false"
                viewBox="0 0 24 24"
              >
                <path
                  d="M0 0h24v24H0z"
                  fill="none"
                />
                <path
                  d="M3 18h18v-2H3v2zm0-5h18v-2H3v2zm0-7v2h18V6H3z"
                />
              </svg>
            </span>
            <span
              class="MuiTouchRipple-root-110"
            />
          </button>
          <span
            class="MuiTypography-root-117 MuiTypography-title-123 ButtonAppBar-flex-35"
          >
            <a
              href="/"
            />
          </span>
        </div>
      </div>
    </header>
  </div>
  <main
    class="Layout-main-13"
  >
    <div
      class="Hero-parallax-142"
      style="background-image:linear-gradient(rgba(0,0,0,.2),rgba(0,0,0,.2)),url(../static/img/biology-students.jpg)"
    >
      <h1
        class="MuiTypography-root-117 MuiTypography-display2-120 MuiTypography-gutterBottom-134 Hero-white-145"
      >
        Franciscan University of Steubenville
      </h1>
      <h3
        class="MuiTypography-root-117 MuiTypography-subheading-124 MuiTypography-gutterBottom-134 Hero-white-145"
        style="font-weight:500;font-size:22px;margin-bottom:1.35em"
      >
        <span>
          Academically Excellent • Passionately Catholic
        </span>
      </h3>
      <div
        class="MuiGrid-container-146 MuiGrid-spacing-xs-16-169"
        style="width:100%"
      >
        <div
          class="MuiGrid-item-147 MuiGrid-grid-xs-12-186 Hero-heroBtnContainer-143"
        >
          <a
            class="MuiButtonBase-root-100 MuiButton-root-243 MuiButton-contained-252 MuiButton-raised-255 MuiButton-colorInherit-262 Hero-heroBtn-144"
            href="https://franciscan.secure.force.com/form?formid=217772"
            role="button"
            style="width:200px"
            tabindex="0"
            title="Request Info"
          >
            <span
              class="MuiButton-label-244"
            >
              Request Info
            </span>
            <span
              class="MuiTouchRipple-root-110"
            />
          </a>
        </div>
        <div
          class="MuiGrid-item-147 MuiGrid-grid-xs-6-180 Hero-heroBtnContainer-143"
          style="justify-content:flex-end"
        >
          <a
            class="MuiButtonBase-root-100 MuiButton-root-243 MuiButton-contained-252 MuiButton-raised-255 MuiButton-colorInherit-262 Hero-heroBtn-144"
            href="https://franciscanuniversity.force.com/portal"
            role="button"
            style="width:92px"
            tabindex="0"
            title="Apply"
          >
            <span
              class="MuiButton-label-244"
            >
              Apply
            </span>
            <span
              class="MuiTouchRipple-root-110"
            />
          </a>
        </div>
        <div
          class="MuiGrid-item-147 MuiGrid-grid-xs-6-180 Hero-heroBtnContainer-143"
          style="justify-content:flex-start"
        >
          <a
            class="MuiButtonBase-root-100 MuiButton-root-243 MuiButton-contained-252 MuiButton-raised-255 MuiButton-colorInherit-262 Hero-heroBtn-144"
            href="https://franciscan.secure.force.com/events"
            role="button"
            style="width:92px"
            tabindex="0"
            title="Visit"
          >
            <span
              class="MuiButton-label-244"
            >
              Visit
            </span>
            <span
              class="MuiTouchRipple-root-110"
            />
          </a>
        </div>
      </div>
    </div>
    <div
      class="MuiGrid-container-146 IndexPage-contentContainer-5"
    >
      <div
        class="MuiGrid-item-147 MuiGrid-grid-xs-12-186 MuiGrid-grid-sm-6-194 IndexPage-gridItemFix-4"
      >
        <h3
          class="MuiTypography-root-117 MuiTypography-display2-120 MuiTypography-gutterBottom-134"
        >
          Degrees
        </h3>
        <p
          class="MuiTypography-root-117 MuiTypography-body1-126"
        >
          Over 40 majors!
        </p>
        <a
          href="/academics/ug/majors"
        >
          Learn More
        </a>
      </div>
      <div
        class="MuiGrid-item-147 MuiGrid-grid-xs-12-186 MuiGrid-grid-sm-6-194 IndexPage-gridItemFix-4"
      >
        <h3
          class="MuiTypography-root-117 MuiTypography-display2-120 MuiTypography-gutterBottom-134"
        >
          Tuition
        </h3>
        <p
          class="MuiTypography-root-117 MuiTypography-body1-126"
        >
          Buy now at the low low price of only $24k!
        </p>
        <a
          href="/academics/ug/majors"
        >
          Learn More
        </a>
      </div>
    </div>
    <div
      class="MuiGrid-container-146 IndexPage-contentContainer-5"
    >
      <div
        class="MuiGrid-container-146 Inquiry-container-267"
      >
        <div
          class="MuiGrid-item-147 MuiGrid-grid-xs-12-186 MuiGrid-grid-sm-6-194"
        >
          <div
            class="MuiFormControl-root-270 MuiFormControl-marginNormal-271 MuiFormControl-fullWidth-273"
          >
            <label
              class="MuiFormLabel-root-279 MuiInputLabel-root-274 MuiInputLabel-formControl-275 MuiInputLabel-animated-278"
              data-shrink="false"
              for="first-name"
            >
              First Name
            </label>
            <div
              class="MuiInput-root-284 MuiInput-fullWidth-291 MuiInput-formControl-285 MuiInput-underline-288"
            >
              <input
                aria-invalid="false"
                class="MuiInput-input-292"
                id="first-name"
                name="firstName"
                type="text"
                value=""
              />
            </div>
          </div>
        </div>
        <div
          class="MuiGrid-item-147 MuiGrid-grid-xs-12-186 MuiGrid-grid-sm-6-194"
        >
          <div
            class="MuiFormControl-root-270 MuiFormControl-marginNormal-271 MuiFormControl-fullWidth-273"
          >
            <label
              class="MuiFormLabel-root-279 MuiInputLabel-root-274 MuiInputLabel-formControl-275 MuiInputLabel-animated-278"
              data-shrink="false"
              for="last-name"
            >
              Last Name
            </label>
            <div
              class="MuiInput-root-284 MuiInput-fullWidth-291 MuiInput-formControl-285 MuiInput-underline-288"
            >
              <input
                aria-invalid="false"
                class="MuiInput-input-292"
                id="last-name"
                name="lastName"
                type="text"
                value=""
              />
            </div>
          </div>
        </div>
        <div
          class="MuiGrid-item-147 MuiGrid-grid-xs-12-186 MuiGrid-grid-sm-6-194"
        >
          <div
            class="MuiFormControl-root-270 MuiFormControl-marginNormal-271 MuiFormControl-fullWidth-273"
          >
            <label
              class="MuiFormLabel-root-279 MuiInputLabel-root-274 MuiInputLabel-formControl-275 MuiInputLabel-animated-278"
              data-shrink="false"
              for="email"
            >
              Email
            </label>
            <div
              class="MuiInput-root-284 MuiInput-fullWidth-291 MuiInput-formControl-285 MuiInput-underline-288"
            >
              <input
                aria-invalid="false"
                class="MuiInput-input-292"
                id="email"
                name="email"
                type="text"
              />
            </div>
          </div>
        </div>
        <div
          class="MuiGrid-item-147 MuiGrid-grid-xs-12-186 MuiGrid-grid-sm-6-194"
        >
           
          <div
            class="MuiFormControl-root-270 Inquiry-formControl-268"
          >
            <label
              class="MuiFormLabel-root-279 MuiInputLabel-root-274 MuiInputLabel-formControl-275 MuiInputLabel-animated-278"
              data-shrink="false"
              for="student-type"
            >
              Student Type
            </label>
            <div
              class="MuiInput-root-284 MuiInput-formControl-285 MuiInput-underline-288"
            >
              <div
                class="MuiSelect-root-297"
              >
                <div
                  aria-haspopup="true"
                  aria-pressed="false"
                  class="MuiSelect-select-298 MuiSelect-selectMenu-299 MuiInput-input-292"
                  role="button"
                  tabindex="0"
                >
                  <span>
                    ​
                  </span>
                </div>
                <input
                  id="student-type"
                  name="studentType"
                  type="hidden"
                  value=""
                />
                <svg
                  aria-hidden="true"
                  class="MuiSvgIcon-root-103 MuiSelect-icon-301"
                  focusable="false"
                  viewBox="0 0 24 24"
                >
                  <path
                    d="M7 10l5 5 5-5z"
                  />
                </svg>
              </div>
            </div>
          </div>
        </div>
        <div
          class="MuiGrid-item-147 MuiGrid-grid-xs-12-186"
        >
          <div
            style="display:flex;justify-content:end"
          >
            <button
              class="MuiButtonBase-root-100 MuiButton-root-243 MuiButton-text-245 MuiButton-outlined-251 Inquiry-submitBtn-269"
              id="submit-button"
              label="Submit"
              tabindex="0"
              type="submit"
            >
              <span
                class="MuiButton-label-244"
              >
                Submit
              </span>
              <span
                class="MuiTouchRipple-root-110"
              />
            </button>
          </div>
        </div>
      </div>
    </div>
    <div
      class="TextSection-section-304"
      style="border-top:2px solid undefined;border-bottom:2px solid undefined"
    >
      <div
        class="TextSection-innerContainer-305"
      >
        <h1
          class="MuiTypography-root-117 MuiTypography-display2-120 MuiTypography-gutterBottom-134"
        >
          Degrees
        </h1>
        <p
          class="MuiTypography-root-117 MuiTypography-body1-126 MuiTypography-gutterBottom-134 TextSection-sectionText-306"
        >
           We have lots of majors
        </p>
        <div
          class="MuiGrid-item-147 MuiGrid-grid-xs-12-186 TextSection-heroBtn-307"
        >
          <a
            class="MuiButtonBase-root-100 MuiButton-root-311 MuiButton-flatSecondary-314 TextSection-invertedBtn-308"
            href="/academics/ug/majors"
            role="button"
            style="width:192px"
            tabindex="0"
            title="Learn More"
          >
            <span
              class="MuiButton-label-312"
            >
              Learn More
            </span>
            <span
              class="MuiTouchRipple-root-110"
            />
          </a>
        </div>
      </div>
    </div>
    <div
      class="TextSection-section-304"
      style="background-color:#21412a;border-top:2px solid #998643;border-bottom:2px solid #998643"
    >
      <div
        class="TextSection-innerContainer-305"
      >
        <h1
          class="MuiTypography-root-117 MuiTypography-display2-120 MuiTypography-gutterBottom-134"
          style="color:#fff"
        >
          15 to 1 Student to Faculty Ratio
        </h1>
        <p
          class="MuiTypography-root-117 MuiTypography-body1-126 MuiTypography-gutterBottom-134 TextSection-sectionText-306"
          style="color:#fff"
        />
      </div>
    </div>
    <div
      class="TextSection-section-304"
      style="border-top:2px solid undefined;border-bottom:2px solid undefined"
    >
      <div
        class="TextSection-innerContainer-305"
      >
        <h1
          class="MuiTypography-root-117 MuiTypography-display2-120 MuiTypography-gutterBottom-134"
        >
          Cost and Financial Aid
        </h1>
        <p
          class="MuiTypography-root-117 MuiTypography-body1-126 MuiTypography-gutterBottom-134 TextSection-sectionText-306"
        >
           To educate, evangelize, and send forth joyful disciples to restore all things in Christ.
        </p>
        <div
          class="MuiGrid-item-147 MuiGrid-grid-xs-12-186 TextSection-heroBtn-307"
        >
          <a
            class="MuiButtonBase-root-100 MuiButton-root-311 MuiButton-flatSecondary-314 TextSection-invertedBtn-308"
            href="/about/our-mission"
            role="button"
            style="width:192px"
            tabindex="0"
            title="Calculate Cost"
          >
            <span
              class="MuiButton-label-312"
            >
              Calculate Cost
            </span>
            <span
              class="MuiTouchRipple-root-110"
            />
          </a>
        </div>
      </div>
    </div>
    <div
      class="IndexPage-contentContainer-5"
    >
      <div
        class=""
      >
        <div
          class="MuiGrid-item-147 MuiGrid-grid-xs-12-186 MuiGrid-grid-sm-6-194 MuiGrid-grid-md-6-208 MuiGrid-grid-lg-6-222 IndexPage-gridItemFix-4"
        >
          <div
            class="MuiPaper-root-63 MuiPaper-elevation1-66 MuiPaper-rounded-64 MuiCard-root-326 IndexPage-card-2 IndexPage-videoIframeContainer-11"
          >
            <iframe
              allow="encrypted-media"
              allowfullscreen=""
              class="IndexPage-videoIframe-10"
              frameborder="0"
              src="https://www.youtube.com/embed/HpzwoD2oVSQ?modestbranding=1&rel=0&color=white"
            />
          </div>
        </div>
        <div
          class="MuiGrid-item-147 MuiGrid-grid-xs-12-186 MuiGrid-grid-sm-6-194 MuiGrid-grid-md-6-208 MuiGrid-grid-lg-6-222 IndexPage-gridItemFix-4"
        >
          <div
            class="MuiPaper-root-63 MuiPaper-elevation1-66 MuiPaper-rounded-64 MuiCard-root-326 ProfileCard-card-327"
          >
            <img
              src="https://www.franciscan.edu/uploadedImages/Content/Faculty_and_Students/Students/Noah_Fisher_landing_v2.jpg"
              style="width:100%"
              title="Noah Fisher"
            />
            <div
              class="MuiCardContent-root-331"
            >
              <span
                class="MuiTypography-root-117 MuiTypography-caption-127 ProfileCard-category-329"
              >
                Student Profile
              </span>
              <h2
                class="MuiTypography-root-117 MuiTypography-headline-122"
              >
                Noah Fisher
              </h2>
              <p
                class="MuiTypography-root-117 MuiTypography-body1-126 ProfileCard-quote-330"
              >
                I first learned about Franciscan from some people at my parish who studied here. They recommended I check it out, but I wasn’t so sure. When I visited, though, I was blown away by the people I met; they were so genuine and helpful. They were the biggest reason I decided to come to Franciscan.
              </p>
            </div>
            <div
              class="MuiCardActions-root-332"
            >
              <button
                class="MuiButtonBase-root-100 MuiButton-root-243 MuiButton-text-245 MuiButton-textPrimary-246 MuiButton-flat-248 MuiButton-flatPrimary-249 MuiButton-sizeSmall-264"
                tabindex="0"
                type="button"
              >
                <span
                  class="MuiButton-label-244"
                >
                  Learn More
                </span>
                <span
                  class="MuiTouchRipple-root-110"
                />
              </button>
            </div>
          </div>
        </div>
        <div
          class="MuiGrid-item-147 MuiGrid-grid-xs-12-186 MuiGrid-grid-sm-6-194 MuiGrid-grid-lg-6-222 IndexPage-gridItemFix-4"
        >
          <div
            class="MuiPaper-root-63 MuiPaper-elevation1-66 MuiPaper-rounded-64 MuiCard-root-326 ProfileCard-card-327"
          >
            <img
              src="https://www.franciscan.edu/uploadedImages/Content/Faculty_and_Students/Alumni_Profiles/IMG_1132.JPG"
              style="width:100%"
              title="Maggie McDermott"
            />
            <div
              class="MuiCardContent-root-331"
            >
              <span
                class="MuiTypography-root-117 MuiTypography-caption-127 ProfileCard-category-329"
              >
                Alumni Profile
              </span>
              <h2
                class="MuiTypography-root-117 MuiTypography-headline-122"
              >
                Maggie McDermott
              </h2>
              <p
                class="MuiTypography-root-117 MuiTypography-body1-126 ProfileCard-quote-330"
              >
                My choice to say Yes to giving my all even in those trying moments can be attributed to the growth and education I received at Franciscan.
              </p>
            </div>
            <div
              class="MuiCardActions-root-332"
            >
              <button
                class="MuiButtonBase-root-100 MuiButton-root-243 MuiButton-text-245 MuiButton-textPrimary-246 MuiButton-flat-248 MuiButton-flatPrimary-249 MuiButton-sizeSmall-264"
                tabindex="0"
                type="button"
              >
                <span
                  class="MuiButton-label-244"
                >
                  Learn More
                </span>
                <span
                  class="MuiTouchRipple-root-110"
                />
              </button>
            </div>
          </div>
        </div>
        <div
          class="MuiGrid-item-147 MuiGrid-grid-xs-12-186 MuiGrid-grid-sm-6-194 IndexPage-gridItemFix-4"
        >
          <div
            class="MuiPaper-root-63 MuiPaper-elevation1-66 MuiPaper-rounded-64 MuiCard-root-326 ListCard-card-334"
          >
            <div
              class="MuiCardContent-root-331"
            >
              <h2
                class="MuiTypography-root-117 MuiTypography-headline-122"
              >
                Events
              </h2>
              <ul
                class="MuiList-root-335 MuiList-padding-336"
              >
                <div>
                  <div
                    class="MuiButtonBase-root-100 MuiListItem-root-341 MuiListItem-default-344 MuiListItem-dense-345 MuiListItem-gutters-348 MuiListItem-divider-347 MuiListItem-button-349 ListCard-listItem-339"
                    role="button"
                    tabindex="0"
                  >
                    <div
                      class="MuiListItemText-root-351 MuiListItemText-dense-353"
                    >
                      <span
                        class="MuiTypography-root-117 MuiTypography-subheading-124 MuiListItemText-primary-354 MuiListItemText-textDense-356"
                      >
                        In Crisis: American Higher Education
                      </span>
                      <p
                        class="MuiTypography-root-117 MuiTypography-body1-126 MuiTypography-colorTextSecondary-140 MuiListItemText-secondary-355 MuiListItemText-textDense-356"
                      >
                        The Veritas Center for Ethics in Public Life at Franciscan University of Steubenville will host a two-day conference, “The State of American Higher Education, 2018,” to be held at Franciscan University April 6-7, 2018.
                      </p>
                    </div>
                    <span
                      class="MuiTouchRipple-root-110"
                    />
                  </div>
                </div>
                <div>
                  <div
                    class="MuiButtonBase-root-100 MuiListItem-root-341 MuiListItem-default-344 MuiListItem-dense-345 MuiListItem-gutters-348 MuiListItem-divider-347 MuiListItem-button-349 ListCard-listItem-339"
                    role="button"
                    tabindex="0"
                  >
                    <div
                      class="MuiListItemText-root-351 MuiListItemText-dense-353"
                    >
                      <span
                        class="MuiTypography-root-117 MuiTypography-subheading-124 MuiListItemText-primary-354 MuiListItemText-textDense-356"
                      >
                        Final Examinations Spring 2018
                      </span>
                      <p
                        class="MuiTypography-root-117 MuiTypography-body1-126 MuiTypography-colorTextSecondary-140 MuiListItemText-secondary-355 MuiListItemText-textDense-356"
                      />
                    </div>
                    <div
                      class="MuiAvatar-root-357 ListCard-avatar-340"
                      title="Random Pic"
                    >
                      <img
                        alt="Just an image from unsplash"
                        class="MuiAvatar-img-359"
                        src="../static/img/mission3-400w.jpg"
                      />
                    </div>
                    <span
                      class="MuiTouchRipple-root-110"
                    />
                  </div>
                </div>
                <div>
                  <div
                    class="MuiButtonBase-root-100 MuiListItem-root-341 MuiListItem-default-344 MuiListItem-dense-345 MuiListItem-gutters-348 MuiListItem-divider-347 MuiListItem-button-349 ListCard-listItem-339"
                    role="button"
                    tabindex="0"
                  >
                    <div
                      class="MuiListItemText-root-351 MuiListItemText-dense-353"
                    >
                      <span
                        class="MuiTypography-root-117 MuiTypography-subheading-124 MuiListItemText-primary-354 MuiListItemText-textDense-356"
                      >
                        Baccalaureate Mass
                      </span>
                      <p
                        class="MuiTypography-root-117 MuiTypography-body1-126 MuiTypography-colorTextSecondary-140 MuiListItemText-secondary-355 MuiListItemText-textDense-356"
                      >
                        Most Rev. Joseph Kurtz, archbishop of Louisville and former president of the US Conference of Catholic Bishops, will be the celebrant and homilist at the 2018 Baccalaureate Mass on Friday, May 11, 2018, in Finnegan Fieldhouse. Archbishop Kurtz will honored with an honorary doctorate before the Mass begins.
                      </p>
                    </div>
                    <span
                      class="MuiTouchRipple-root-110"
                    />
                  </div>
                </div>
                <div>
                  <div
                    class="MuiButtonBase-root-100 MuiListItem-root-341 MuiListItem-default-344 MuiListItem-dense-345 MuiListItem-gutters-348 MuiListItem-divider-347 MuiListItem-button-349 ListCard-listItem-339"
                    role="button"
                    tabindex="0"
                  >
                    <div
                      class="MuiListItemText-root-351 MuiListItemText-dense-353"
                    >
                      <span
                        class="MuiTypography-root-117 MuiTypography-subheading-124 MuiListItemText-primary-354 MuiListItemText-textDense-356"
                      >
                        Commencement Exercises 2018
                      </span>
                      <p
                        class="MuiTypography-root-117 MuiTypography-body1-126 MuiTypography-colorTextSecondary-140 MuiListItemText-secondary-355 MuiListItemText-textDense-356"
                      />
                    </div>
                    <div
                      class="MuiAvatar-root-357 ListCard-avatar-340"
                      title="Random Pic"
                    >
                      <img
                        alt="Just an image from unsplash"
                        class="MuiAvatar-img-359"
                        src="../static/img/adventure2-400w.jpg"
                      />
                    </div>
                    <span
                      class="MuiTouchRipple-root-110"
                    />
                  </div>
                </div>
              </ul>
            </div>
          </div>
        </div>
        <div
          class="MuiGrid-item-147 MuiGrid-grid-xs-12-186 MuiGrid-grid-sm-6-194 MuiGrid-grid-lg-6-222 IndexPage-gridItemFix-4"
        >
          <div
            class="MuiPaper-root-63 MuiPaper-elevation1-66 MuiPaper-rounded-64 MuiCard-root-326 ProfileCard-card-327"
          >
            <img
              src="https://www.franciscan.edu/uploadedImages/Content/Faculty_and_Students/Faculty/Education/boury.jpg?n=1668"
              style="width:100%"
              title="Dr. Tiffany Boury"
            />
            <div
              class="MuiCardContent-root-331"
            >
              <span
                class="MuiTypography-root-117 MuiTypography-caption-127 ProfileCard-category-329"
              >
                Faculty Profile
              </span>
              <h2
                class="MuiTypography-root-117 MuiTypography-headline-122"
              >
                Dr. Tiffany Boury
              </h2>
              <p
                class="MuiTypography-root-117 MuiTypography-body1-126 ProfileCard-quote-330"
              >
                Associate Professor of Education
              </p>
            </div>
            <div
              class="MuiCardActions-root-332"
            >
              <button
                class="MuiButtonBase-root-100 MuiButton-root-243 MuiButton-text-245 MuiButton-textPrimary-246 MuiButton-flat-248 MuiButton-flatPrimary-249 MuiButton-sizeSmall-264"
                tabindex="0"
                type="button"
              >
                <span
                  class="MuiButton-label-244"
                >
                  Learn More
                </span>
                <span
                  class="MuiTouchRipple-root-110"
                />
              </button>
            </div>
          </div>
        </div>
        <div
          class="MuiGrid-item-147 MuiGrid-grid-xs-12-186 MuiGrid-grid-sm-6-194 MuiGrid-grid-lg-6-222 IndexPage-gridItemFix-4"
        >
          <div
            class="MuiPaper-root-63 MuiPaper-elevation1-66 MuiPaper-rounded-64 MuiCard-root-326 IndexPage-card-2"
          >
            <div
              class="MuiCardMedia-root-360 IndexPage-media-3"
              style="background-image:url(\\"/static/img/adventure2-800w.jpg\\")"
              title="Austria Campus"
            />
            <div
              class="MuiCardContent-root-331"
            >
              <p
                class="MuiTypography-root-117 MuiTypography-body1-126"
                type="display1"
              >
                Austria
              </p>
            </div>
          </div>
        </div>
        <div
          class="MuiGrid-item-147 MuiGrid-grid-xs-12-186 MuiGrid-grid-sm-6-194 MuiGrid-grid-md-6-208 MuiGrid-grid-lg-6-222 IndexPage-gridItemFix-4"
        >
          <div
            class="MuiPaper-root-63 MuiPaper-elevation1-66 MuiPaper-rounded-64 MuiCard-root-326 IndexPage-card-2 IndexPage-videoIframeContainer-11"
          >
            <iframe
              allow="encrypted-media"
              allowfullscreen=""
              class="IndexPage-videoIframe-10"
              frameborder="0"
              src="https://www.youtube.com/embed/HzfPBp3lHTU?modestbranding=1&rel=0&color=white"
            />
          </div>
        </div>
      </div>
    </div>
  </main>
  <div
    class="Footer-root-362"
  >
    <div
      class="MuiGrid-container-146"
    >
      <div
        class="MuiGrid-item-147 MuiGrid-grid-xs-12-186 MuiGrid-grid-sm-4-192"
      >
        <p
          class="MuiTypography-root-117 MuiTypography-body1-126 Footer-footerText-365 Footer-footerSections-363"
        >
          Lorem ipsum dolor amet rump leberkas doner, andouille tenderloin beef ribs ham shankle kielbasa drumstick tail brisket.
        </p>
      </div>
      <div
        class="MuiGrid-item-147 MuiGrid-grid-xs-12-186 MuiGrid-grid-sm-4-192"
      >
        <p
          class="MuiTypography-root-117 MuiTypography-body1-126 Footer-footerText-365 Footer-footerSections-363"
        >
          Bacon ipsum dolor amet rump leberkas doner, andouille tenderloin
        </p>
      </div>
      <div
        class="MuiGrid-item-147 MuiGrid-grid-xs-12-186 MuiGrid-grid-sm-4-192"
      >
        <p
          class="MuiTypography-root-117 MuiTypography-body1-126 Footer-footerText-365 Footer-footerSections-363"
        >
          Bacon ipsum dolor amet rump leberkas doner, andouille tenderloin
        </p>
      </div>
      <div
        class="MuiGrid-item-147 MuiGrid-grid-xs-12-186 Footer-subFooter-364"
      >
        <span
          class="MuiTypography-root-117 MuiTypography-subheading-124 Footer-white-366"
        >
          © 2018 Franciscan University of Steubenville
        </span>
      </div>
    </div>
  </div>
</div>
`;
